(---------------------------------------------------------------------)
(                                                                     )
(    Allegro Netrev Import Logic                                      )
(                                                                     )
(    Drawing          : MOTOR_ENCODER_BRD.brd                         )
(    Software Version : unreleased                                    )
(    Date/Time        : Tue Mar 17 22:16:24 2020                      )
(                                                                     )
(---------------------------------------------------------------------)


------ Directives ------------

Ripup etch:                  No
Ripup delete first segment:  No
Ripup retain bondwire:       No
Ripup symbols:               Always
Missing symbol has error:    No
DRC update:                  Yes
Schematic directory:         'C:\USERS\CARLO\DOCUMENTS\GIT\INSUFLATORE\MOTOR_ENCODER_BRD\allegro'
Design Directory:            'C:/Users/Carlo/Documents/git/Insuflatore/motor_encoder_brd/allegro'
Old design name:             'C:/Users/Carlo/Documents/git/Insuflatore/motor_encoder_brd/allegro/MOTOR_ENCODER_BRD.brd'
New design name:             'C:/Users/Carlo/Documents/git/Insuflatore/motor_encoder_brd/allegro/MOTOR_ENCODER_BRD.brd'

CmdLine: netrev.exe -y 1 -n -i C:\USERS\CARLO\DOCUMENTS\GIT\INSUFLATORE\MOTOR_ENCODER_BRD\allegro C:/Users/Carlo/Documents/git/Insuflatore/motor_encoder_brd/allegro/MOTOR_ENCODER_BRD.brd C:/Users/Carlo/Documents/git/Insuflatore/motor_encoder_brd/allegro/MOTOR_ENCODER_BRD.brd

------ Preparing to read pst files ------

Starting to read C:/USERS/CARLO/DOCUMENTS/GIT/INSUFLATORE/MOTOR_ENCODER_BRD/allegro/pstchip.dat 
   Finished reading C:/USERS/CARLO/DOCUMENTS/GIT/INSUFLATORE/MOTOR_ENCODER_BRD/allegro/pstchip.dat (00:00:00.03)
Starting to read C:/USERS/CARLO/DOCUMENTS/GIT/INSUFLATORE/MOTOR_ENCODER_BRD/allegro/pstxprt.dat 
   Finished reading C:/USERS/CARLO/DOCUMENTS/GIT/INSUFLATORE/MOTOR_ENCODER_BRD/allegro/pstxprt.dat (00:00:00.00)
Starting to read C:/USERS/CARLO/DOCUMENTS/GIT/INSUFLATORE/MOTOR_ENCODER_BRD/allegro/pstxnet.dat 
   Finished reading C:/USERS/CARLO/DOCUMENTS/GIT/INSUFLATORE/MOTOR_ENCODER_BRD/allegro/pstxnet.dat (00:00:00.00)

------ Oversights/Warnings/Errors ------


#1   WARNING(SPMHNI-192): Device/Symbol check warning detected. [help]

ERROR(SPMHNI-196): Symbol 'SMC0805' for device 'GRM188R6YA106MA73D' has extra pin '2'.

ERROR(SPMHNI-196): Symbol 'SMC0805' for device 'GRM188R6YA106MA73D' has extra pin '1'.

ERROR(SPMHNI-195): Symbol 'SMC0805' for device 'GRM188R6YA106MA73D' is missing pin 'P'.

ERROR(SPMHNI-195): Symbol 'SMC0805' for device 'GRM188R6YA106MA73D' is missing pin 'N'.

#2   WARNING(SPMHNI-192): Device/Symbol check warning detected. [help]

WARNING(SPMHNI-194): Symbol 'HEADER_2X10_2MM_TH' used by RefDes J1 for device 'HEADER 10X2_HEADER_2X10_2MM_TH_' not found. 
The symbol either does not exist in the library path (PSMPATH) or is an old symbol from a previous release.  

Set the correct library path if not set or use dbdoctor to migrat

------ Library Paths ------
MODULEPATH =  . 
           C:/Cadence/SPB_17.4/share/local/pcb/modules 

PSMPATH =  . 
           symbols 
           .. 
           ../symbols 
           C:/Cadence/SPB_17.4/share/local/pcb/symbols 
           C:/Cadence/SPB_17.4/share/pcb/pcb_lib/symbols 
           C:/Cadence/SPB_17.4/share/pcb/allegrolib/symbols 
           C:/Users/Carlo/Documents/Cadence/Library/symbols/PSM/ 
           C:/Users/Carlo/Documents/git/library/symbols/PSM 

PADPATH =  . 
           symbols 
           .. 
           ../symbols 
           C:/Cadence/SPB_17.4/share/local/pcb/padstacks 
           C:/Cadence/SPB_17.4/share/pcb/pcb_lib/symbols 
           C:/Cadence/SPB_17.4/share/pcb/allegrolib/symbols 
           C:/Users/Carlo/Documents/Cadence/Library/symbols/PAD 
           C:/Users/Carlo/Documents/git/library/symbols/PAD 


------ Summary Statistics ------


netrev run on Mar 17 22:16:24 2020
   DESIGN NAME : 'MOTOR_ENCODER_BRD'
   PACKAGING ON Oct  7 2019 04:16:49

   COMPILE 'logic'
   CHECK_PIN_NAMES OFF
   CROSS_REFERENCE OFF
   FEEDBACK OFF
   INCREMENTAL OFF
   INTERFACE_TYPE PHYSICAL
   MAX_ERRORS 500
   MERGE_MINIMUM 5
   NET_NAME_CHARS '#%&()*+-./:=>?@[]^_`|'
   NET_NAME_LENGTH 24
   OVERSIGHTS ON
   REPLACE_CHECK OFF
   SINGLE_NODE_NETS ON
   SPLIT_MINIMUM 0
   SUPPRESS   20
   WARNINGS ON

 No error detected
 No oversight detected
  2 warnings detected

cpu time      0:02:42
elapsed time  0:00:01

